Import function from module:
>>> say_my_name = __import__("3-say_my_name").say_my_name
>>> say_my_name("farah", "ramadan")
My name is farah ramadan
>>> say_my_name("farah", None)
Traceback (most recent call last):
    ...
TypeError: last_name must be a string
>>> say_my_name(None, "ramadan")
Traceback (most recent call last):
    ...
TypeError: first_name must be a string
>>> say_my_name(2, "ramadan")
Traceback (most recent call last):
    ...
TypeError: first_name must be a string
>>> say_my_name("farah", 8)
Traceback (most recent call last):
   ...
TypeError: last_name must be a string
>>> say_my_name("farah", "ramadan", "mokhtar")
Traceback (most recent call last):
    ...
TypeError: say_my_name() takes from 1 to 2 positional arguments but 3 were given
