Import function from Module:
>>> text_indentation = __import__('5-text_indentation').text_indentation
>>> text_indentation("Holberton School")
Holberton School
>>> text_indentation("Holberton.School")
Holberton.
<BLANKLINE>
School
>>> text_indentation("Holberton. School? How are you:  John")
Holberton.
<BLANKLINE>
School?
<BLANKLINE>
How are you:
<BLANKLINE>
John
>>> text_indentation("Hello")
Hello
>>> text_indentation(6)
Traceback (most recent call last):
    ...
TypeError: text must be a string
>>> text_indentation()
Traceback (most recent call last):
    ...
TypeError: text_indentation() missing 1 required positional argument: 'text'
>>> text_indentation("hello", "farah")
Traceback (most recent call last):
    ...
TypeError: text_indentation() takes 1 positional argument but 2 were given
>>> text_indentation(None)
Traceback (most recent call last):
    ...
TypeError: text must be a string
